[C:/Users/mendo/OneDrive/Área de Trabalho/bike eletrica/bike eletrica/backblue.gif]
[C:/Users/mendo/OneDrive/Área de Trabalho/bike eletrica/bike eletrica/fade.gif]
[C:/Users/mendo/OneDrive/Área de Trabalho/bike eletrica/bike eletrica/index.html]
[C:/Users/mendo/OneDrive/Área de Trabalho/bike eletrica/bike eletrica/tlktokbrazil.vercel.app/index0c85.html]
[C:/Users/mendo/OneDrive/Área de Trabalho/bike eletrica/bike eletrica/tlktokbrazil.vercel.app/ferramenta869c.html]
[C:/Users/mendo/OneDrive/Área de Trabalho/bike eletrica/bike eletrica/tlktokbrazil.vercel.app/promotiktok.b-cdn.net/media/3a6e2019-320a-446d-9306-bb7daebf9e01/header-1.webp]
[C:/Users/mendo/OneDrive/Área de Trabalho/bike eletrica/bike eletrica/tlktokbrazil.vercel.app/assets/styles-dGQVARyc.css]
[C:/Users/mendo/OneDrive/Área de Trabalho/bike eletrica/bike eletrica/tlktokbrazil.vercel.app/promotiktok.b-cdn.net/media/e99009e0-529b-4d91-b05e-5e7b78722595/header-2.webp]
[C:/Users/mendo/OneDrive/Área de Trabalho/bike eletrica/bike eletrica/tlktokbrazil.vercel.app/promotiktok.b-cdn.net/media/8365bffa-539c-4ac8-966d-475c18a1ab7d/header-3.webp]
[C:/Users/mendo/OneDrive/Área de Trabalho/bike eletrica/bike eletrica/tlktokbrazil.vercel.app/promotiktok.b-cdn.net/media/a047f9d5-6196-4c5f-9f17-6fc6feb71adb/header-4.webp]
[C:/Users/mendo/OneDrive/Área de Trabalho/bike eletrica/bike eletrica/tlktokbrazil.vercel.app/promotiktok.b-cdn.net/media/0e35ad4f-f9a7-4db9-abd9-5e89ba2dde76/header-5.webp]
[C:/Users/mendo/OneDrive/Área de Trabalho/bike eletrica/bike eletrica/tlktokbrazil.vercel.app/promotiktok.b-cdn.net/media/eef644ee-d81b-4312-823f-4b53edb4c1ae/header-6.webp]
[C:/Users/mendo/OneDrive/Área de Trabalho/bike eletrica/bike eletrica/tlktokbrazil.vercel.app/promotiktok.b-cdn.net/media/bf132453-3c04-4acc-8899-9d3544273619/header-7.webp]
[C:/Users/mendo/OneDrive/Área de Trabalho/bike eletrica/bike eletrica/tlktokbrazil.vercel.app/promotiktok.b-cdn.net/media/514c0ff8-437a-43ed-98d9-d78a0a789a60/header-8.webp]
[C:/Users/mendo/OneDrive/Área de Trabalho/bike eletrica/bike eletrica/tlktokbrazil.vercel.app/promotiktok.b-cdn.net/media/3d301caa-1f4d-46f8-b50d-9ebfb25f97f4/header-9.webp]
[C:/Users/mendo/OneDrive/Área de Trabalho/bike eletrica/bike eletrica/tlktokbrazil.vercel.app/promotiktok.b-cdn.net/media/2e8f450e-336d-4b4b-9951-428a8fdbbff2/header-10.webp]
[C:/Users/mendo/OneDrive/Área de Trabalho/bike eletrica/bike eletrica/tlktokbrazil.vercel.app/promotiktok.b-cdn.net/media/8cc179e7-8157-4e4d-a201-92e728afc125/icon-ticket-white.png]
[C:/Users/mendo/OneDrive/Área de Trabalho/bike eletrica/bike eletrica/tlktokbrazil.vercel.app/promotiktok.b-cdn.net/media/14fcc04d-1ca6-4119-bc23-9e6ee4368be5/icon-ticket-red.png]
[C:/Users/mendo/OneDrive/Área de Trabalho/bike eletrica/bike eletrica/tlktokbrazil.vercel.app/promotiktok.b-cdn.net/media/4b636ec5-0aa9-46d7-bab0-393009be4240/icon-truck.png]
[C:/Users/mendo/OneDrive/Área de Trabalho/bike eletrica/bike eletrica/tlktokbrazil.vercel.app/promotiktok.b-cdn.net/media/d668de83-eec2-4b8c-9e25-3ecbb3c8ef75/icon-grid-selector.png]
[C:/Users/mendo/OneDrive/Área de Trabalho/bike eletrica/bike eletrica/tlktokbrazil.vercel.app/promotiktok.b-cdn.net/media/ecf8de5c-10e9-4e0e-ba20-3da03279fa38/icon-shield.png]
[C:/Users/mendo/OneDrive/Área de Trabalho/bike eletrica/bike eletrica/tlktokbrazil.vercel.app/assets/matiastiktokshop-Dzlv2PAj.jpg]
[C:/Users/mendo/OneDrive/Área de Trabalho/bike eletrica/bike eletrica/tlktokbrazil.vercel.app/promotiktok.b-cdn.net/media/2a5218d9-af50-408d-bcde-7cd85f22d792/matiastiktokshop.jpeg]
[C:/Users/mendo/OneDrive/Área de Trabalho/bike eletrica/bike eletrica/tlktokbrazil.vercel.app/assets/diego_shop-DxXvSR5D.jpg]
[C:/Users/mendo/OneDrive/Área de Trabalho/bike eletrica/bike eletrica/tlktokbrazil.vercel.app/promotiktok.b-cdn.net/media/32c863ef-dba9-4bea-a772-358bbd7bd48c/diego_shop.jpeg]
[C:/Users/mendo/OneDrive/Área de Trabalho/bike eletrica/bike eletrica/tlktokbrazil.vercel.app/assets/falapiazao-Cxi4X-Du.jpg]
[C:/Users/mendo/OneDrive/Área de Trabalho/bike eletrica/bike eletrica/tlktokbrazil.vercel.app/promotiktok.b-cdn.net/media/77fee8d5-56a9-4b6c-a11b-c38760b650a9/falapiazao.jpeg]
[C:/Users/mendo/OneDrive/Área de Trabalho/bike eletrica/bike eletrica/tlktokbrazil.vercel.app/assets/gilson_indica-b-qgThT7.jpg]
[C:/Users/mendo/OneDrive/Área de Trabalho/bike eletrica/bike eletrica/tlktokbrazil.vercel.app/promotiktok.b-cdn.net/media/9f8b40bd-d9d0-4697-8b7b-c1ccac8ee43c/gilson_indica.jpeg]
[C:/Users/mendo/OneDrive/Área de Trabalho/bike eletrica/bike eletrica/tlktokbrazil.vercel.app/assets/gilson_indica_copy-t7evJ0Lv.jpg]
[C:/Users/mendo/OneDrive/Área de Trabalho/bike eletrica/bike eletrica/tlktokbrazil.vercel.app/assets/dilsopedreiro-BPZrIVxn.jpg]
[C:/Users/mendo/OneDrive/Área de Trabalho/bike eletrica/bike eletrica/tlktokbrazil.vercel.app/promotiktok.b-cdn.net/media/eade941f-134a-4912-9b40-c07c1f2e50fa/dilsopedreiro.jpeg]
[C:/Users/mendo/OneDrive/Área de Trabalho/bike eletrica/bike eletrica/tlktokbrazil.vercel.app/assets/jeff_ferramentas-nzCNsRMZ.jpg]
[C:/Users/mendo/OneDrive/Área de Trabalho/bike eletrica/bike eletrica/tlktokbrazil.vercel.app/promotiktok.b-cdn.net/media/c168dcf2-005e-400f-bcc9-211ee06c15f8/jeff_ferramentas.jpg]
[C:/Users/mendo/OneDrive/Área de Trabalho/bike eletrica/bike eletrica/tlktokbrazil.vercel.app/assets/gledsonsoares-CiawGlT-.jpg]
[C:/Users/mendo/OneDrive/Área de Trabalho/bike eletrica/bike eletrica/tlktokbrazil.vercel.app/promotiktok.b-cdn.net/media/b693c783-3e49-46f6-a09b-45bb47e7ffc9/gledsonsoares.jpeg]
[C:/Users/mendo/OneDrive/Área de Trabalho/bike eletrica/bike eletrica/tlktokbrazil.vercel.app/assets/josieldicas-DiaaG05Y.jpg]
[C:/Users/mendo/OneDrive/Área de Trabalho/bike eletrica/bike eletrica/tlktokbrazil.vercel.app/promotiktok.b-cdn.net/media/9cab218a-f0d1-4aa1-b346-fe1ad16b4b18/josieldicas.jpeg]
[C:/Users/mendo/OneDrive/Área de Trabalho/bike eletrica/bike eletrica/tlktokbrazil.vercel.app/avaliacoes.html]
[C:/Users/mendo/OneDrive/Área de Trabalho/bike eletrica/bike eletrica/tlktokbrazil.vercel.app/promotiktok.b-cdn.net/media/5f7041ac-a03e-4afd-b134-8183eab9426e/avaliacao20-foto1.webp]
[C:/Users/mendo/OneDrive/Área de Trabalho/bike eletrica/bike eletrica/tlktokbrazil.vercel.app/promotiktok.b-cdn.net/media/9902bc05-0b2b-4b4f-9c34-993b6aaa497a/avaliacao6-foto1.webp]
[C:/Users/mendo/OneDrive/Área de Trabalho/bike eletrica/bike eletrica/tlktokbrazil.vercel.app/promotiktok.b-cdn.net/media/804e5b41-b3a4-4b72-85f8-abab894f7d68/avaliacao15-foto1.webp]
[C:/Users/mendo/OneDrive/Área de Trabalho/bike eletrica/bike eletrica/tlktokbrazil.vercel.app/promotiktok.b-cdn.net/media/2311ab1e-62a8-4cbf-b735-7f95aea03981/avaliacao15-foto2.webp]
[C:/Users/mendo/OneDrive/Área de Trabalho/bike eletrica/bike eletrica/tlktokbrazil.vercel.app/promotiktok.b-cdn.net/media/98b7ccff-b847-4b15-835b-d57c3fbb1420/avaliacao5-foto1.webp]
[C:/Users/mendo/OneDrive/Área de Trabalho/bike eletrica/bike eletrica/tlktokbrazil.vercel.app/promotiktok.b-cdn.net/media/d0636b1b-10dc-479a-9c58-70a3df4b7130/avaliacao10-foto1.webp]
[C:/Users/mendo/OneDrive/Área de Trabalho/bike eletrica/bike eletrica/tlktokbrazil.vercel.app/promotiktok.b-cdn.net/media/adbae98a-98b5-494b-842a-109ff9787ebf/avaliacao14-foto1.webp]
[C:/Users/mendo/OneDrive/Área de Trabalho/bike eletrica/bike eletrica/tlktokbrazil.vercel.app/promotiktok.b-cdn.net/media/d526a2a3-2211-47f5-8416-d650a8be477e/avaliacao16-foto1.webp]
[C:/Users/mendo/OneDrive/Área de Trabalho/bike eletrica/bike eletrica/tlktokbrazil.vercel.app/promotiktok.b-cdn.net/media/46bee4a6-26b2-4cee-8c34-3c691d9fc881/avaliacao19-foto1.webp]
[C:/Users/mendo/OneDrive/Área de Trabalho/bike eletrica/bike eletrica/tlktokbrazil.vercel.app/promotiktok.b-cdn.net/media/4fe17775-4318-4f5c-8cad-1a33470bda00/avaliacao19-foto2.webp]
[C:/Users/mendo/OneDrive/Área de Trabalho/bike eletrica/bike eletrica/tlktokbrazil.vercel.app/promotiktok.b-cdn.net/media/7678b3dc-6914-4604-b099-3424da327828/avaliacao19-foto3.webp]
[C:/Users/mendo/OneDrive/Área de Trabalho/bike eletrica/bike eletrica/tlktokbrazil.vercel.app/promotiktok.b-cdn.net/media/db9764c0-0a84-406f-acc9-080c7312b062/avalicao7-foto1.webp]
[C:/Users/mendo/OneDrive/Área de Trabalho/bike eletrica/bike eletrica/tlktokbrazil.vercel.app/promotiktok.b-cdn.net/media/5a122e3d-3ea1-4fde-abb2-4e9834ff67f8/avalicao7-foto2.webp]
[C:/Users/mendo/OneDrive/Área de Trabalho/bike eletrica/bike eletrica/tlktokbrazil.vercel.app/promotiktok.b-cdn.net/media/f3ed49b6-6684-451e-a4b7-f1b74ada9328/avaliacao18-foto1.webp]
[C:/Users/mendo/OneDrive/Área de Trabalho/bike eletrica/bike eletrica/tlktokbrazil.vercel.app/promotiktok.b-cdn.net/media/64aceb5b-f720-40d0-b3ba-845a10f2f8c3/avaliacao18-foto2.webp]
[C:/Users/mendo/OneDrive/Área de Trabalho/bike eletrica/bike eletrica/tlktokbrazil.vercel.app/promotiktok.b-cdn.net/media/0a548ca9-bf58-4f82-878d-dc576a518c4f/avaliacao18-foto3.webp]
[C:/Users/mendo/OneDrive/Área de Trabalho/bike eletrica/bike eletrica/tlktokbrazil.vercel.app/promotiktok.b-cdn.net/media/17eeb5ab-35ae-4472-ba99-d8bfa5a5a278/avaliacao11-foto1.webp]
[C:/Users/mendo/OneDrive/Área de Trabalho/bike eletrica/bike eletrica/tlktokbrazil.vercel.app/promotiktok.b-cdn.net/media/d3d80072-21ea-46e2-bed1-9e6b23d6c3dc/avaliacao2-foto1.webp]
[C:/Users/mendo/OneDrive/Área de Trabalho/bike eletrica/bike eletrica/tlktokbrazil.vercel.app/promotiktok.b-cdn.net/media/7a6551c9-15be-40c4-bfdf-4bcdf7667547/avaliacao2-foto2.webp]
[C:/Users/mendo/OneDrive/Área de Trabalho/bike eletrica/bike eletrica/tlktokbrazil.vercel.app/promotiktok.b-cdn.net/media/dfcda8e8-ff8b-44b7-8f97-d2d6694d8a0f/avaliacao3-foto1.webp]
[C:/Users/mendo/OneDrive/Área de Trabalho/bike eletrica/bike eletrica/tlktokbrazil.vercel.app/promotiktok.b-cdn.net/media/dbc93fd6-9b8e-4cca-a18a-ea96b7fa0334/avaliacao17-foto1.webp]
[C:/Users/mendo/OneDrive/Área de Trabalho/bike eletrica/bike eletrica/tlktokbrazil.vercel.app/promotiktok.b-cdn.net/media/0601f5ee-f304-4cad-9319-bb2741ace4ab/avaliacao8-foto1.webp]
[C:/Users/mendo/OneDrive/Área de Trabalho/bike eletrica/bike eletrica/tlktokbrazil.vercel.app/promotiktok.b-cdn.net/media/f79ff81c-c155-4c03-a939-e14c9d8eed55/avaliacao9-foto1.webp]
[C:/Users/mendo/OneDrive/Área de Trabalho/bike eletrica/bike eletrica/tlktokbrazil.vercel.app/promotiktok.b-cdn.net/media/1dbe9ffb-a0d3-4eb2-93dd-865a34890b1d/avaliacao9-foto2.webp]
[C:/Users/mendo/OneDrive/Área de Trabalho/bike eletrica/bike eletrica/tlktokbrazil.vercel.app/promotiktok.b-cdn.net/media/e9f5e0ea-3594-46bd-b32e-3dc61e08d80c/avaliacao1-foto1.webp]
[C:/Users/mendo/OneDrive/Área de Trabalho/bike eletrica/bike eletrica/tlktokbrazil.vercel.app/promotiktok.b-cdn.net/media/3cd5f5ab-46d6-4a8a-87d3-c3a09786e2da/avaliacao1-foto2.webp]
[C:/Users/mendo/OneDrive/Área de Trabalho/bike eletrica/bike eletrica/tlktokbrazil.vercel.app/promotiktok.b-cdn.net/media/425579e9-af80-4500-8dfa-744e128fdbc5/avaliacao4-foto1.webp]
[C:/Users/mendo/OneDrive/Área de Trabalho/bike eletrica/bike eletrica/tlktokbrazil.vercel.app/promotiktok.b-cdn.net/media/df138b9a-0567-45f2-b757-d93a11dbef47/avaliacao4-foto2.webp]
[C:/Users/mendo/OneDrive/Área de Trabalho/bike eletrica/bike eletrica/tlktokbrazil.vercel.app/promotiktok.b-cdn.net/media/0654ebdd-f6b8-4a34-bc38-60490cbd9d2a/IMG_6108.jpeg]
[C:/Users/mendo/OneDrive/Área de Trabalho/bike eletrica/bike eletrica/tlktokbrazil.vercel.app/promotiktok.b-cdn.net/media/61d353be-e667-4f14-8ca0-53e1655bb521/IMG_6109.jpeg]
[C:/Users/mendo/OneDrive/Área de Trabalho/bike eletrica/bike eletrica/tlktokbrazil.vercel.app/promotiktok.b-cdn.net/media/e310eff2-25ed-4744-a642-2d83d87d4210/IMG_6110.jpeg]
[C:/Users/mendo/OneDrive/Área de Trabalho/bike eletrica/bike eletrica/tlktokbrazil.vercel.app/promotiktok.b-cdn.net/media/7219e43c-92db-4372-8f62-2a7969e9e66a/IMG_6111.jpeg]
[C:/Users/mendo/OneDrive/Área de Trabalho/bike eletrica/bike eletrica/tlktokbrazil.vercel.app/promotiktok.b-cdn.net/media/3c531f17-a42d-4442-bfaa-d0eb5f7300a6/IMG_6112.jpeg]
[C:/Users/mendo/OneDrive/Área de Trabalho/bike eletrica/bike eletrica/tlktokbrazil.vercel.app/promotiktok.b-cdn.net/media/897919b2-15ed-4962-a77a-c010082e9a55/IMG_6113.jpeg]
[C:/Users/mendo/OneDrive/Área de Trabalho/bike eletrica/bike eletrica/tlktokbrazil.vercel.app/promotiktok.b-cdn.net/media/051f0db1-b51c-4ec9-bf2d-04e84a5f8c43/IMG_6114.jpeg]
[C:/Users/mendo/OneDrive/Área de Trabalho/bike eletrica/bike eletrica/tlktokbrazil.vercel.app/promotiktok.b-cdn.net/media/1d586e69-13c9-47fe-9b9c-b3392633b2f0/rav1.jpg]
[C:/Users/mendo/OneDrive/Área de Trabalho/bike eletrica/bike eletrica/tlktokbrazil.vercel.app/promotiktok.b-cdn.net/media/697f6e47-6c57-4747-8303-a4f8b25e0e9e/rav2.jpg]
[C:/Users/mendo/OneDrive/Área de Trabalho/bike eletrica/bike eletrica/tlktokbrazil.vercel.app/promotiktok.b-cdn.net/media/d442c4ec-2945-41a4-ad4d-57fbbb4d194a/rav3.jpg]
[C:/Users/mendo/OneDrive/Área de Trabalho/bike eletrica/bike eletrica/tlktokbrazil.vercel.app/promotiktok.b-cdn.net/media/e0a90831-3533-46a6-b55d-2c08b51f2ff2/rav4.jpg]
[C:/Users/mendo/OneDrive/Área de Trabalho/bike eletrica/bike eletrica/tlktokbrazil.vercel.app/promotiktok.b-cdn.net/media/815a3da2-1b8f-4842-a2c9-0c0fac322704/avaliacao5-video1-poster.jpg]
[C:/Users/mendo/OneDrive/Área de Trabalho/bike eletrica/bike eletrica/tlktokbrazil.vercel.app/promotiktok.b-cdn.net/media/f6755d38-fa14-4677-9ffa-ac3f1d728d12/rav5.jpg]
[C:/Users/mendo/OneDrive/Área de Trabalho/bike eletrica/bike eletrica/tlktokbrazil.vercel.app/promotiktok.b-cdn.net/media/c1bbcd18-66e5-4b69-8f74-c5f62d473ca9/desc-1.webp]
[C:/Users/mendo/OneDrive/Área de Trabalho/bike eletrica/bike eletrica/tlktokbrazil.vercel.app/promotiktok.b-cdn.net/media/f2187d37-0485-4e8a-94cb-e6ef4e9e5543/desc-2.webp]
[C:/Users/mendo/OneDrive/Área de Trabalho/bike eletrica/bike eletrica/tlktokbrazil.vercel.app/promotiktok.b-cdn.net/media/cb66bd38-83ed-4173-a803-33c1bfe92c78/desc-3.webp]
[C:/Users/mendo/OneDrive/Área de Trabalho/bike eletrica/bike eletrica/tlktokbrazil.vercel.app/promotiktok.b-cdn.net/media/6a2756e9-8ae1-48cb-9c3f-4a394a70916e/desc-4.webp]
[C:/Users/mendo/OneDrive/Área de Trabalho/bike eletrica/bike eletrica/tlktokbrazil.vercel.app/promotiktok.b-cdn.net/media/e7855079-0a19-4e79-a007-fda5789f7772/desc-5.webp]
[C:/Users/mendo/OneDrive/Área de Trabalho/bike eletrica/bike eletrica/tlktokbrazil.vercel.app/promotiktok.b-cdn.net/media/66ab7a87-ed21-4a1a-a53e-8498f0db56fb/desc-6.webp]
[C:/Users/mendo/OneDrive/Área de Trabalho/bike eletrica/bike eletrica/tlktokbrazil.vercel.app/promotiktok.b-cdn.net/media/799ec1f6-1e46-4dd4-88c3-d6510bf31dfa/desc-7.webp]
[C:/Users/mendo/OneDrive/Área de Trabalho/bike eletrica/bike eletrica/tlktokbrazil.vercel.app/promotiktok.b-cdn.net/media/85fa7316-f41d-474f-91b5-5bd45080967d/desc-8.webp]
[C:/Users/mendo/OneDrive/Área de Trabalho/bike eletrica/bike eletrica/tlktokbrazil.vercel.app/promotiktok.b-cdn.net/media/67db54e4-c184-4914-8725-29c4e890e210/desc-9.webp]
[C:/Users/mendo/OneDrive/Área de Trabalho/bike eletrica/bike eletrica/tlktokbrazil.vercel.app/promotiktok.b-cdn.net/media/dff0e65f-b4fc-43f5-8d56-90a9460c102f/desc-10.webp]
[C:/Users/mendo/OneDrive/Área de Trabalho/bike eletrica/bike eletrica/tlktokbrazil.vercel.app/checkout.html]
[C:/Users/mendo/OneDrive/Área de Trabalho/bike eletrica/bike eletrica/tlktokbrazil.vercel.app/assets/jsx-runtime-DUAcabCT.js]
[C:/Users/mendo/OneDrive/Área de Trabalho/bike eletrica/bike eletrica/tlktokbrazil.vercel.app/assets/react-DEX2qfRi.js]
[C:/Users/mendo/OneDrive/Área de Trabalho/bike eletrica/bike eletrica/tlktokbrazil.vercel.app/assets/react-dom-CN3QtmN-.js]
[C:/Users/mendo/OneDrive/Área de Trabalho/bike eletrica/bike eletrica/tlktokbrazil.vercel.app/assets/createServerFn-Bly2lcL9.js]
[C:/Users/mendo/OneDrive/Área de Trabalho/bike eletrica/bike eletrica/tlktokbrazil.vercel.app/assets/useStore-CNDzBXFx.js]
[C:/Users/mendo/OneDrive/Área de Trabalho/bike eletrica/bike eletrica/tlktokbrazil.vercel.app/assets/invariant-DEEwAagU.js]
[C:/Users/mendo/OneDrive/Área de Trabalho/bike eletrica/bike eletrica/tlktokbrazil.vercel.app/assets/qss-B4cMWIbE.js]
[C:/Users/mendo/OneDrive/Área de Trabalho/bike eletrica/bike eletrica/tlktokbrazil.vercel.app/assets/matchContext-CmqEGruE.js]
[C:/Users/mendo/OneDrive/Área de Trabalho/bike eletrica/bike eletrica/tlktokbrazil.vercel.app/assets/redirect-Dhm19zUi.js]
[C:/Users/mendo/OneDrive/Área de Trabalho/bike eletrica/bike eletrica/tlktokbrazil.vercel.app/assets/link-CeT6ilhB.js]
[C:/Users/mendo/OneDrive/Área de Trabalho/bike eletrica/bike eletrica/tlktokbrazil.vercel.app/assets/useRouter-9HqhFZyA.js]
[C:/Users/mendo/OneDrive/Área de Trabalho/bike eletrica/bike eletrica/tlktokbrazil.vercel.app/assets/useNavigate-TaZ00Fl_.js]
[C:/Users/mendo/OneDrive/Área de Trabalho/bike eletrica/bike eletrica/tlktokbrazil.vercel.app/assets/toast-BnODFSl5.js]
[C:/Users/mendo/OneDrive/Área de Trabalho/bike eletrica/bike eletrica/tlktokbrazil.vercel.app/assets/preload-helper-Czpn1I53.js]
[C:/Users/mendo/OneDrive/Área de Trabalho/bike eletrica/bike eletrica/tlktokbrazil.vercel.app/assets/icon-grid-selector.png.asset-B2e8MckO.js]
[C:/Users/mendo/OneDrive/Área de Trabalho/bike eletrica/bike eletrica/tlktokbrazil.vercel.app/assets/check-BH4O4BIM.js]
[C:/Users/mendo/OneDrive/Área de Trabalho/bike eletrica/bike eletrica/tlktokbrazil.vercel.app/assets/chevron-left-4dmNjgPM.js]
[C:/Users/mendo/OneDrive/Área de Trabalho/bike eletrica/bike eletrica/tlktokbrazil.vercel.app/assets/chevron-right--biEaSZ4.js]
[C:/Users/mendo/OneDrive/Área de Trabalho/bike eletrica/bike eletrica/tlktokbrazil.vercel.app/assets/thumbs-up-DUaAoGws.js]
[C:/Users/mendo/OneDrive/Área de Trabalho/bike eletrica/bike eletrica/tlktokbrazil.vercel.app/assets/reviews-CI2IUjBU.js]
[C:/Users/mendo/OneDrive/Área de Trabalho/bike eletrica/bike eletrica/tlktokbrazil.vercel.app/assets/map-pin-6HbCRsg4.js]
[C:/Users/mendo/OneDrive/Área de Trabalho/bike eletrica/bike eletrica/tlktokbrazil.vercel.app/assets/package-41CfLOtP.js]
[C:/Users/mendo/OneDrive/Área de Trabalho/bike eletrica/bike eletrica/tlktokbrazil.vercel.app/assets/shopping-cart-BiNqsZhD.js]
[C:/Users/mendo/OneDrive/Área de Trabalho/bike eletrica/bike eletrica/tlktokbrazil.vercel.app/assets/star-DrqH6EvS.js]
[C:/Users/mendo/OneDrive/Área de Trabalho/bike eletrica/bike eletrica/tlktokbrazil.vercel.app/assets/ticket-BEcFG5Zr.js]
[C:/Users/mendo/OneDrive/Área de Trabalho/bike eletrica/bike eletrica/tlktokbrazil.vercel.app/assets/x-BjE_aFJS.js]
[C:/Users/mendo/OneDrive/Área de Trabalho/bike eletrica/bike eletrica/tlktokbrazil.vercel.app/assets/zap-t6RsRtma.js]
[C:/Users/mendo/OneDrive/Área de Trabalho/bike eletrica/bike eletrica/tlktokbrazil.vercel.app/assets/phone-frame-CqbWzOAl.js]
[C:/Users/mendo/OneDrive/Área de Trabalho/bike eletrica/bike eletrica/tlktokbrazil.vercel.app/assets/sheet-BQKguzuz.js]
[C:/Users/mendo/OneDrive/Área de Trabalho/bike eletrica/bike eletrica/tlktokbrazil.vercel.app/assets/order-store-DlBJYWPC.js]
[C:/Users/mendo/OneDrive/Área de Trabalho/bike eletrica/bike eletrica/tlktokbrazil.vercel.app/assets/use-countdown-j_Ub-kLE.js]
[C:/Users/mendo/OneDrive/Área de Trabalho/bike eletrica/bike eletrica/tlktokbrazil.vercel.app/assets/delivery-window-BxLE_tRw.js]
[C:/Users/mendo/OneDrive/Área de Trabalho/bike eletrica/bike eletrica/tlktokbrazil.vercel.app/assets/rav20.jpg.asset-CMjzhIzc.js]
[C:/Users/mendo/OneDrive/Área de Trabalho/bike eletrica/bike eletrica/tlktokbrazil.vercel.app/assets/rav14.jpg.asset-TvKM2X1J.js]
[C:/Users/mendo/OneDrive/Área de Trabalho/bike eletrica/bike eletrica/tlktokbrazil.vercel.app/assets/product-config-BNroLOBZ.js]
[C:/Users/mendo/OneDrive/Área de Trabalho/bike eletrica/bike eletrica/tlktokbrazil.vercel.app/assets/w3-CtoJsgVE.js]
[C:/Users/mendo/OneDrive/Área de Trabalho/bike eletrica/bike eletrica/tlktokbrazil.vercel.app/assets/novus-icon.png.asset-DA0GStBD.js]
[C:/Users/mendo/OneDrive/Área de Trabalho/bike eletrica/bike eletrica/tlktokbrazil.vercel.app/assets/play-B8oVhuxN.js]
[C:/Users/mendo/OneDrive/Área de Trabalho/bike eletrica/bike eletrica/tlktokbrazil.vercel.app/assets/video-modal-B-54-c1f.js]
[C:/Users/mendo/OneDrive/Área de Trabalho/bike eletrica/bike eletrica/tlktokbrazil.vercel.app/assets/header-1.webp.asset-Dsofyhh2.js]
[C:/Users/mendo/OneDrive/Área de Trabalho/bike eletrica/bike eletrica/tlktokbrazil.vercel.app/assets/josieldicas-NjVhusUN.js]
[C:/Users/mendo/OneDrive/Área de Trabalho/bike eletrica/bike eletrica/tlktokbrazil.vercel.app/ferramenta869c.html]
[C:/Users/mendo/OneDrive/Área de Trabalho/bike eletrica/bike eletrica/tlktokbrazil.vercel.app/assets/styles-dGQVARyc.css]
[C:/Users/mendo/OneDrive/Área de Trabalho/bike eletrica/bike eletrica/analytics.tiktok.com/i18n/pixel/events.js]
[C:/Users/mendo/OneDrive/Área de Trabalho/bike eletrica/bike eletrica/tlktokbrazil.vercel.app/assets/index-BFaFSUfR.js]
[C:/Users/mendo/OneDrive/Área de Trabalho/bike eletrica/bike eletrica/tlktokbrazil.vercel.app/assets/styles-DfAX3eke.css]
[C:/Users/mendo/OneDrive/Área de Trabalho/bike eletrica/bike eletrica/tlktokbrazil.vercel.app/promotiktok.b-cdn.net/media/244a5af3-a694-42bd-99b7-bb4cfa1348a0/rav6.jpg]
[C:/Users/mendo/OneDrive/Área de Trabalho/bike eletrica/bike eletrica/tlktokbrazil.vercel.app/promotiktok.b-cdn.net/media/891defa3-225b-4c04-b509-b4cdc149e355/avaliacao14-video1-poster.jpg]
[C:/Users/mendo/OneDrive/Área de Trabalho/bike eletrica/bike eletrica/tlktokbrazil.vercel.app/promotiktok.b-cdn.net/media/55148acf-0852-4e52-bc52-7143a6425994/rav7.jpg]
[C:/Users/mendo/OneDrive/Área de Trabalho/bike eletrica/bike eletrica/tlktokbrazil.vercel.app/promotiktok.b-cdn.net/media/868b8c26-ac45-45f4-8758-6f4fdf760ada/avaliacao16-video1-poster.jpg]
[C:/Users/mendo/OneDrive/Área de Trabalho/bike eletrica/bike eletrica/tlktokbrazil.vercel.app/promotiktok.b-cdn.net/media/430ddde6-b61a-4288-b158-c30325582a0a/rav8.jpg]
[C:/Users/mendo/OneDrive/Área de Trabalho/bike eletrica/bike eletrica/tlktokbrazil.vercel.app/promotiktok.b-cdn.net/media/a85d1653-823d-45ff-b5c1-ccddb5ef23c2/rav9.jpg]
[C:/Users/mendo/OneDrive/Área de Trabalho/bike eletrica/bike eletrica/tlktokbrazil.vercel.app/promotiktok.b-cdn.net/media/5a34f68b-03a0-4582-88eb-2347b699e585/rav10.jpg]
[C:/Users/mendo/OneDrive/Área de Trabalho/bike eletrica/bike eletrica/tlktokbrazil.vercel.app/promotiktok.b-cdn.net/media/3e678289-f104-4276-8ebf-687b7c0e70cc/avaliacao13-video1-poster.jpg]
[C:/Users/mendo/OneDrive/Área de Trabalho/bike eletrica/bike eletrica/tlktokbrazil.vercel.app/promotiktok.b-cdn.net/media/1ad8582c-54bd-4480-bf05-b225415278de/rav11.jpg]
[C:/Users/mendo/OneDrive/Área de Trabalho/bike eletrica/bike eletrica/tlktokbrazil.vercel.app/promotiktok.b-cdn.net/media/b08e5237-c9b9-4c26-a049-adef018a1e81/rav12.jpg]
[C:/Users/mendo/OneDrive/Área de Trabalho/bike eletrica/bike eletrica/tlktokbrazil.vercel.app/promotiktok.b-cdn.net/media/0dcca622-81d1-4e0b-aa23-e05ea6c44d4e/rav13.jpg]
[C:/Users/mendo/OneDrive/Área de Trabalho/bike eletrica/bike eletrica/tlktokbrazil.vercel.app/promotiktok.b-cdn.net/media/e6697e77-9006-4bce-95ac-adbf5f14f96e/rav14.jpg]
[C:/Users/mendo/OneDrive/Área de Trabalho/bike eletrica/bike eletrica/tlktokbrazil.vercel.app/promotiktok.b-cdn.net/media/9fc895ad-c8d1-4f53-80da-5c09d1f5f2ad/avalicao12-video1-poster.jpg]
[C:/Users/mendo/OneDrive/Área de Trabalho/bike eletrica/bike eletrica/tlktokbrazil.vercel.app/promotiktok.b-cdn.net/media/14a41014-037d-4a5f-90f2-967137e1d718/rav15.jpg]
[C:/Users/mendo/OneDrive/Área de Trabalho/bike eletrica/bike eletrica/tlktokbrazil.vercel.app/promotiktok.b-cdn.net/media/ffc48559-1634-430c-9f78-7122342f88c2/rav16.jpg]
[C:/Users/mendo/OneDrive/Área de Trabalho/bike eletrica/bike eletrica/tlktokbrazil.vercel.app/promotiktok.b-cdn.net/media/09bb7226-60e3-475d-9b3a-8a981de99287/avaliacao17-video1-poster.jpg]
[C:/Users/mendo/OneDrive/Área de Trabalho/bike eletrica/bike eletrica/tlktokbrazil.vercel.app/promotiktok.b-cdn.net/media/dbbe4f10-6da6-4ec2-90a5-27cab52e7d23/rav17.jpg]
[C:/Users/mendo/OneDrive/Área de Trabalho/bike eletrica/bike eletrica/tlktokbrazil.vercel.app/promotiktok.b-cdn.net/media/3eb279ec-3976-46eb-9af0-aff474405f9b/avaliacao8-video1-poster.jpg]
[C:/Users/mendo/OneDrive/Área de Trabalho/bike eletrica/bike eletrica/tlktokbrazil.vercel.app/promotiktok.b-cdn.net/media/34efe0e8-79ea-4cc5-a853-d44b3a2eab39/rav18.jpg]
[C:/Users/mendo/OneDrive/Área de Trabalho/bike eletrica/bike eletrica/tlktokbrazil.vercel.app/promotiktok.b-cdn.net/media/a1cd4d86-a271-4aa3-886a-6d204cdeb49b/avaliacao9-video1-poster.jpg]
[C:/Users/mendo/OneDrive/Área de Trabalho/bike eletrica/bike eletrica/tlktokbrazil.vercel.app/promotiktok.b-cdn.net/media/099b5b62-f9b2-4652-9c6b-ecddf070ee49/rav19.jpg]
[C:/Users/mendo/OneDrive/Área de Trabalho/bike eletrica/bike eletrica/tlktokbrazil.vercel.app/promotiktok.b-cdn.net/media/b3eb34bf-9d3f-4ae4-a093-65f8c17f7dcd/rav20.jpg]
[C:/Users/mendo/OneDrive/Área de Trabalho/bike eletrica/bike eletrica/tlktokbrazil.vercel.app/promotiktok.b-cdn.net/media/d11f7569-cea1-4fcc-ad62-46c92654caed/rav21.jpg]
[C:/Users/mendo/OneDrive/Área de Trabalho/bike eletrica/bike eletrica/tlktokbrazil.vercel.app/promotiktok.b-cdn.net/media/81924b59-b2d3-434b-af47-bf37496ab093/rav22.jpg]
[C:/Users/mendo/OneDrive/Área de Trabalho/bike eletrica/bike eletrica/tlktokbrazil.vercel.app/promotiktok.b-cdn.net/media/3c5fec8a-184b-48be-a30a-c2833e17fe66/rav23.jpg]
[C:/Users/mendo/OneDrive/Área de Trabalho/bike eletrica/bike eletrica/tlktokbrazil.vercel.app/promotiktok.b-cdn.net/media/778b1be8-4a53-4807-84a0-95a873d6b840/semfoto.jpg]
[C:/Users/mendo/OneDrive/Área de Trabalho/bike eletrica/bike eletrica/tlktokbrazil.vercel.app/assets/reviews-CjGXQIvB.js]
[C:/Users/mendo/OneDrive/Área de Trabalho/bike eletrica/bike eletrica/tlktokbrazil.vercel.app/assets/lightbox-BB42yJo0.js]
[C:/Users/mendo/OneDrive/Área de Trabalho/bike eletrica/bike eletrica/tlktokbrazil.vercel.app/assets/camera-CZLZ20u3.js]
[C:/Users/mendo/OneDrive/Área de Trabalho/bike eletrica/bike eletrica/tlktokbrazil.vercel.app/ferramenta.html]
[C:/Users/mendo/OneDrive/Área de Trabalho/bike eletrica/bike eletrica/tlktokbrazil.vercel.app/avaliacoes.html]
[C:/Users/mendo/OneDrive/Área de Trabalho/bike eletrica/bike eletrica/tlktokbrazil.vercel.app/checkout-2.html]
[C:/Users/mendo/OneDrive/Área de Trabalho/bike eletrica/bike eletrica/tlktokbrazil.vercel.app/favicon.png]
[C:/Users/mendo/OneDrive/Área de Trabalho/bike eletrica/bike eletrica/tlktokbrazil.vercel.app/ferramenta-2.html]
[C:/Users/mendo/OneDrive/Área de Trabalho/bike eletrica/bike eletrica/tlktokbrazil.vercel.app/endereco.html]
[C:/Users/mendo/OneDrive/Área de Trabalho/bike eletrica/bike eletrica/tlktokbrazil.vercel.app/assets/header-1.webp]
[C:/Users/mendo/OneDrive/Área de Trabalho/bike eletrica/bike eletrica/tlktokbrazil.vercel.app/checkout.html]
[C:/Users/mendo/OneDrive/Área de Trabalho/bike eletrica/bike eletrica/tlktokbrazil.vercel.app/assets/styles-DfAX3eke.css]
[C:/Users/mendo/OneDrive/Área de Trabalho/bike eletrica/bike eletrica/tlktokbrazil.vercel.app/ferramenta.html]
[C:/Users/mendo/OneDrive/Área de Trabalho/bike eletrica/bike eletrica/tlktokbrazil.vercel.app/checkout-2.html]
[C:/Users/mendo/OneDrive/Área de Trabalho/bike eletrica/bike eletrica/tlktokbrazil.vercel.app/ferramenta-2.html]
[C:/Users/mendo/OneDrive/Área de Trabalho/bike eletrica/bike eletrica/tlktokbrazil.vercel.app/endereco.html]
